// Vitest Snapshot v1, https://vitest.dev/guide/snapshot.html

exports[`Layout baseline snapshots > desktop (1280px) — header structure matches snapshot 1`] = `
<div
  class="_layout_f3788b"
>
  <header
    class="_header_f3788b"
  >
    <div
      class="_headerLeft_f3788b"
    >
      <button
        aria-label="menu"
        class="_hamburger_f3788b"
      >
        <span
          class="_hamburgerLine_f3788b"
        />
        <span
          class="_hamburgerLine_f3788b"
        />
        <span
          class="_hamburgerLine_f3788b"
        />
      </button>
      <div
        class="_logo_f3788b"
      >
        <a
          href="/"
        >
          Ariadline
        </a>
      </div>
    </div>
    <nav
      class="_nav_f3788b"
    >
      <a
        class="_navLink_f3788b"
        href="/calendar"
      >
        calendar
      </a>
      <a
        class="_navLink_f3788b"
        href="/inbox"
      >
        inbox
      </a>
      <a
        class="_navLink_f3788b"
        href="/plan"
      >
        planner
      </a>
      <a
        class="_navLink_f3788b"
        href="/worklog"
      >
        worklog
      </a>
      <a
        class="_navLink_f3788b"
        href="/customers"
      >
        customers
      </a>
      <a
        class="_navLink_f3788b"
        href="/routes"
      >
        routes
      </a>
      <a
        class="_navLink_f3788b"
        href="/jobs"
      >
        jobs
      </a>
      <a
        class="_navLink_f3788b"
        href="/settings"
      >
        settings
      </a>
      <a
        class="_navLink_f3788b"
        href="/admin"
      >
        admin
      </a>
    </nav>
    <div
      class="_headerRight_f3788b"
    >
      <div
        class="_status_f3788b"
      >
        <span
          class="_statusDot_f3788b"
          style="background-color: var(--color-success);"
        />
        online
      </div>
      <div
        class="_userMenu_f3788b"
      >
        <span
          class="_userName_f3788b"
        >
          Test User
        </span>
        <button
          class="_logoutButton_f3788b"
        >
          logout
        </button>
      </div>
    </div>
  </header>
  <main
    class="_main_f3788b"
  >
    <div
      data-testid="page-content"
    >
      content
    </div>
  </main>
</div>
`;

exports[`Layout baseline snapshots > phone (390px) — header structure matches snapshot 1`] = `
<div
  class="_layout_f3788b"
>
  <header
    class="_header_f3788b"
  >
    <div
      class="_headerLeft_f3788b"
    >
      <button
        aria-label="menu"
        class="_hamburger_f3788b"
      >
        <span
          class="_hamburgerLine_f3788b"
        />
        <span
          class="_hamburgerLine_f3788b"
        />
        <span
          class="_hamburgerLine_f3788b"
        />
      </button>
      <div
        class="_logo_f3788b"
      >
        <a
          href="/"
        >
          Ariadline
        </a>
      </div>
    </div>
    <nav
      class="_nav_f3788b"
    >
      <a
        class="_navLink_f3788b"
        href="/calendar"
      >
        calendar
      </a>
      <a
        class="_navLink_f3788b"
        href="/inbox"
      >
        inbox
      </a>
      <a
        class="_navLink_f3788b"
        href="/plan"
      >
        planner
      </a>
      <a
        class="_navLink_f3788b"
        href="/worklog"
      >
        worklog
      </a>
      <a
        class="_navLink_f3788b"
        href="/customers"
      >
        customers
      </a>
      <a
        class="_navLink_f3788b"
        href="/routes"
      >
        routes
      </a>
      <a
        class="_navLink_f3788b"
        href="/jobs"
      >
        jobs
      </a>
      <a
        class="_navLink_f3788b"
        href="/settings"
      >
        settings
      </a>
      <a
        class="_navLink_f3788b"
        href="/admin"
      >
        admin
      </a>
    </nav>
    <div
      class="_headerRight_f3788b"
    >
      <div
        class="_status_f3788b"
      >
        <span
          class="_statusDot_f3788b"
          style="background-color: var(--color-success);"
        />
        online
      </div>
      <div
        class="_userMenu_f3788b"
      >
        <span
          class="_userName_f3788b"
        >
          Test User
        </span>
        <button
          class="_logoutButton_f3788b"
        >
          logout
        </button>
      </div>
    </div>
  </header>
  <main
    class="_main_f3788b"
  >
    <div
      data-testid="page-content"
    >
      content
    </div>
  </main>
</div>
`;

exports[`Layout baseline snapshots > tablet (768px) — header structure matches snapshot 1`] = `
<div
  class="_layout_f3788b"
>
  <header
    class="_header_f3788b"
  >
    <div
      class="_headerLeft_f3788b"
    >
      <button
        aria-label="menu"
        class="_hamburger_f3788b"
      >
        <span
          class="_hamburgerLine_f3788b"
        />
        <span
          class="_hamburgerLine_f3788b"
        />
        <span
          class="_hamburgerLine_f3788b"
        />
      </button>
      <div
        class="_logo_f3788b"
      >
        <a
          href="/"
        >
          Ariadline
        </a>
      </div>
    </div>
    <nav
      class="_nav_f3788b"
    >
      <a
        class="_navLink_f3788b"
        href="/calendar"
      >
        calendar
      </a>
      <a
        class="_navLink_f3788b"
        href="/inbox"
      >
        inbox
      </a>
      <a
        class="_navLink_f3788b"
        href="/plan"
      >
        planner
      </a>
      <a
        class="_navLink_f3788b"
        href="/worklog"
      >
        worklog
      </a>
      <a
        class="_navLink_f3788b"
        href="/customers"
      >
        customers
      </a>
      <a
        class="_navLink_f3788b"
        href="/routes"
      >
        routes
      </a>
      <a
        class="_navLink_f3788b"
        href="/jobs"
      >
        jobs
      </a>
      <a
        class="_navLink_f3788b"
        href="/settings"
      >
        settings
      </a>
      <a
        class="_navLink_f3788b"
        href="/admin"
      >
        admin
      </a>
    </nav>
    <div
      class="_headerRight_f3788b"
    >
      <div
        class="_status_f3788b"
      >
        <span
          class="_statusDot_f3788b"
          style="background-color: var(--color-success);"
        />
        online
      </div>
      <div
        class="_userMenu_f3788b"
      >
        <span
          class="_userName_f3788b"
        >
          Test User
        </span>
        <button
          class="_logoutButton_f3788b"
        >
          logout
        </button>
      </div>
    </div>
  </header>
  <main
    class="_main_f3788b"
  >
    <div
      data-testid="page-content"
    >
      content
    </div>
  </main>
</div>
`;
