// Vitest Snapshot v1, https://vitest.dev/guide/snapshot.html

exports[`Plan page — mobile layout structure > desktop (1280px) > desktop layout matches snapshot 1`] = `
<div
  class="_planner_00322f"
>
  <div
    class="_sidebar_00322f"
    style="width: 420px;"
  >
    <div
      data-testid="planner-filters"
    />
    <div
      class="_routeListSection_00322f"
      style="height: 200px; min-height: 80px; max-height: 500px;"
    >
      <div
        class="_sectionHeader_00322f"
      >
        <h3>
          planned_routes
        </h3>
        <button
          class="_refreshButton_00322f"
          title="refresh"
          type="button"
        >
          ↻
        </button>
      </div>
      <div
        data-testid="route-list-panel"
      />
    </div>
    <div
      class="_routeListResizer_00322f"
    />
  </div>
  <div
    class="_sidebarResizer_00322f"
  />
  <div
    class="_mapWrapper_00322f"
  >
    <div
      class="_shell_212bd0"
      data-testid="map-panel-shell"
    >
      <div
        class="_controls_212bd0"
        data-testid="map-panel-shell-controls"
      >
        <button
          aria-label="Open in new window"
          data-testid="detach-map-btn"
          title="Open in new window"
          type="button"
        >
          <svg
            fill="none"
            height="14"
            stroke="currentColor"
            stroke-linecap="round"
            stroke-linejoin="round"
            stroke-width="2.5"
            viewBox="0 0 24 24"
            width="14"
          >
            <path
              d="M18 13v6a2 2 0 0 1-2 2H5a2 2 0 0 1-2-2V8a2 2 0 0 1 2-2h6"
            />
            <polyline
              points="15 3 21 3 21 9"
            />
            <line
              x1="10"
              x2="21"
              y1="14"
              y2="3"
            />
          </svg>
        </button>
      </div>
      <div
        class="_content_212bd0"
        data-testid="map-panel-shell-content"
      >
        <div
          class="_container_760b3b "
        >
          <div
            class="_webglFallback_760b3b"
          >
            <p>
              map_webgl_unavailable
            </p>
          </div>
        </div>
      </div>
    </div>
  </div>
</div>
`;
